Analysis & Synthesis report for hub75_drv
Fri Sep 01 09:17:31 2017
Quartus Prime Version 17.0.1 Build 598 06/07/2017 SJ Lite Edition


---------------------
; Table of Contents ;
---------------------
  1. Legal Notice
  2. Analysis & Synthesis Summary
  3. Analysis & Synthesis Settings
  4. Parallel Compilation
  5. Analysis & Synthesis Source Files Read
  6. Analysis & Synthesis Resource Usage Summary
  7. Analysis & Synthesis Resource Utilization by Entity
  8. State Machine - |hub75_drv|fsm_pwm
  9. Registers Removed During Synthesis
 10. General Register Statistics
 11. Multiplexer Restructuring Statistics (Restructuring Performed)
 12. Parameter Settings for User Entity Instance: Top-level Entity: |hub75_drv
 13. Post-Synthesis Netlist Statistics for Top Partition
 14. Elapsed Time Per Partition
 15. Analysis & Synthesis Messages
 16. Analysis & Synthesis Suppressed Messages



----------------
; Legal Notice ;
----------------
Copyright (C) 2017  Intel Corporation. All rights reserved.
Your use of Intel Corporation's design tools, logic functions 
and other software and tools, and its AMPP partner logic 
functions, and any output files from any of the foregoing 
(including device programming or simulation files), and any 
associated documentation or information are expressly subject 
to the terms and conditions of the Intel Program License 
Subscription Agreement, the Intel Quartus Prime License Agreement,
the Intel MegaCore Function License Agreement, or other 
applicable license agreement, including, without limitation, 
that your use is for the sole purpose of programming logic 
devices manufactured by Intel and sold by Intel or its 
authorized distributors.  Please refer to the applicable 
agreement for further details.



+----------------------------------------------------------------------------------+
; Analysis & Synthesis Summary                                                     ;
+------------------------------------+---------------------------------------------+
; Analysis & Synthesis Status        ; Successful - Fri Sep 01 09:17:31 2017       ;
; Quartus Prime Version              ; 17.0.1 Build 598 06/07/2017 SJ Lite Edition ;
; Revision Name                      ; hub75_drv                                   ;
; Top-level Entity Name              ; hub75_drv                                   ;
; Family                             ; MAX 10                                      ;
; Total logic elements               ; 116                                         ;
;     Total combinational functions  ; 112                                         ;
;     Dedicated logic registers      ; 45                                          ;
; Total registers                    ; 45                                          ;
; Total pins                         ; 66                                          ;
; Total virtual pins                 ; 0                                           ;
; Total memory bits                  ; 0                                           ;
; Embedded Multiplier 9-bit elements ; 0                                           ;
; Total PLLs                         ; 0                                           ;
; UFM blocks                         ; 0                                           ;
; ADC blocks                         ; 0                                           ;
+------------------------------------+---------------------------------------------+


+----------------------------------------------------------------------------------------------------------------------+
; Analysis & Synthesis Settings                                                                                        ;
+----------------------------------------------------------------------------+--------------------+--------------------+
; Option                                                                     ; Setting            ; Default Value      ;
+----------------------------------------------------------------------------+--------------------+--------------------+
; Device                                                                     ; 10M08DAF484C8G     ;                    ;
; Top-level entity name                                                      ; hub75_drv          ; hub75_drv          ;
; Family name                                                                ; MAX 10             ; Cyclone V          ;
; Verilog Show LMF Mapping Messages                                          ; Off                ;                    ;
; Verilog Version                                                            ; SystemVerilog_2005 ; Verilog_2001       ;
; Use smart compilation                                                      ; Off                ; Off                ;
; Enable parallel Assembler and TimeQuest Timing Analyzer during compilation ; On                 ; On                 ;
; Enable compact report table                                                ; Off                ; Off                ;
; Restructure Multiplexers                                                   ; Auto               ; Auto               ;
; Create Debugging Nodes for IP Cores                                        ; Off                ; Off                ;
; Preserve fewer node names                                                  ; On                 ; On                 ;
; OpenCore Plus hardware evaluation                                          ; Enable             ; Enable             ;
; VHDL Version                                                               ; VHDL_1993          ; VHDL_1993          ;
; State Machine Processing                                                   ; Auto               ; Auto               ;
; Safe State Machine                                                         ; Off                ; Off                ;
; Extract Verilog State Machines                                             ; On                 ; On                 ;
; Extract VHDL State Machines                                                ; On                 ; On                 ;
; Ignore Verilog initial constructs                                          ; Off                ; Off                ;
; Iteration limit for constant Verilog loops                                 ; 5000               ; 5000               ;
; Iteration limit for non-constant Verilog loops                             ; 250                ; 250                ;
; Add Pass-Through Logic to Inferred RAMs                                    ; On                 ; On                 ;
; Infer RAMs from Raw Logic                                                  ; On                 ; On                 ;
; Parallel Synthesis                                                         ; On                 ; On                 ;
; DSP Block Balancing                                                        ; Auto               ; Auto               ;
; NOT Gate Push-Back                                                         ; On                 ; On                 ;
; Power-Up Don't Care                                                        ; On                 ; On                 ;
; Remove Redundant Logic Cells                                               ; Off                ; Off                ;
; Remove Duplicate Registers                                                 ; On                 ; On                 ;
; Ignore CARRY Buffers                                                       ; Off                ; Off                ;
; Ignore CASCADE Buffers                                                     ; Off                ; Off                ;
; Ignore GLOBAL Buffers                                                      ; Off                ; Off                ;
; Ignore ROW GLOBAL Buffers                                                  ; Off                ; Off                ;
; Ignore LCELL Buffers                                                       ; Off                ; Off                ;
; Ignore SOFT Buffers                                                        ; On                 ; On                 ;
; Limit AHDL Integers to 32 Bits                                             ; Off                ; Off                ;
; Optimization Technique                                                     ; Balanced           ; Balanced           ;
; Carry Chain Length                                                         ; 70                 ; 70                 ;
; Auto Carry Chains                                                          ; On                 ; On                 ;
; Auto Open-Drain Pins                                                       ; On                 ; On                 ;
; Perform WYSIWYG Primitive Resynthesis                                      ; Off                ; Off                ;
; Auto ROM Replacement                                                       ; On                 ; On                 ;
; Auto RAM Replacement                                                       ; On                 ; On                 ;
; Auto DSP Block Replacement                                                 ; On                 ; On                 ;
; Auto Shift Register Replacement                                            ; Auto               ; Auto               ;
; Allow Shift Register Merging across Hierarchies                            ; Auto               ; Auto               ;
; Auto Clock Enable Replacement                                              ; On                 ; On                 ;
; Strict RAM Replacement                                                     ; Off                ; Off                ;
; Allow Synchronous Control Signals                                          ; On                 ; On                 ;
; Force Use of Synchronous Clear Signals                                     ; Off                ; Off                ;
; Auto RAM Block Balancing                                                   ; On                 ; On                 ;
; Auto RAM to Logic Cell Conversion                                          ; Off                ; Off                ;
; Auto Resource Sharing                                                      ; Off                ; Off                ;
; Allow Any RAM Size For Recognition                                         ; Off                ; Off                ;
; Allow Any ROM Size For Recognition                                         ; Off                ; Off                ;
; Allow Any Shift Register Size For Recognition                              ; Off                ; Off                ;
; Use LogicLock Constraints during Resource Balancing                        ; On                 ; On                 ;
; Ignore translate_off and synthesis_off directives                          ; Off                ; Off                ;
; Timing-Driven Synthesis                                                    ; On                 ; On                 ;
; Report Parameter Settings                                                  ; On                 ; On                 ;
; Report Source Assignments                                                  ; On                 ; On                 ;
; Report Connectivity Checks                                                 ; On                 ; On                 ;
; Ignore Maximum Fan-Out Assignments                                         ; Off                ; Off                ;
; Synchronization Register Chain Length                                      ; 2                  ; 2                  ;
; PowerPlay Power Optimization During Synthesis                              ; Normal compilation ; Normal compilation ;
; HDL message level                                                          ; Level2             ; Level2             ;
; Suppress Register Optimization Related Messages                            ; Off                ; Off                ;
; Number of Removed Registers Reported in Synthesis Report                   ; 5000               ; 5000               ;
; Number of Swept Nodes Reported in Synthesis Report                         ; 5000               ; 5000               ;
; Number of Inverted Registers Reported in Synthesis Report                  ; 100                ; 100                ;
; Clock MUX Protection                                                       ; On                 ; On                 ;
; Auto Gated Clock Conversion                                                ; Off                ; Off                ;
; Block Design Naming                                                        ; Auto               ; Auto               ;
; SDC constraint protection                                                  ; Off                ; Off                ;
; Synthesis Effort                                                           ; Auto               ; Auto               ;
; Shift Register Replacement - Allow Asynchronous Clear Signal               ; On                 ; On                 ;
; Pre-Mapping Resynthesis Optimization                                       ; Off                ; Off                ;
; Analysis & Synthesis Message Level                                         ; Medium             ; Medium             ;
; Disable Register Merging Across Hierarchies                                ; Auto               ; Auto               ;
; Resource Aware Inference For Block RAM                                     ; On                 ; On                 ;
+----------------------------------------------------------------------------+--------------------+--------------------+


Parallel compilation was disabled, but you have multiple processors available. Enable parallel compilation to reduce compilation time.
+-------------------------------------+
; Parallel Compilation                ;
+----------------------------+--------+
; Processors                 ; Number ;
+----------------------------+--------+
; Number detected on machine ; 2      ;
; Maximum allowed            ; 1      ;
+----------------------------+--------+


+---------------------------------------------------------------------------------------------------------------------------------------------------------------+
; Analysis & Synthesis Source Files Read                                                                                                                        ;
+----------------------------------+-----------------+------------------------+-----------------------------------------------------------------------+---------+
; File Name with User-Entered Path ; Used in Netlist ; File Type              ; File Name with Absolute Path                                          ; Library ;
+----------------------------------+-----------------+------------------------+-----------------------------------------------------------------------+---------+
; source/hub75_drv.v               ; yes             ; User Verilog HDL File  ; D:/PROJECTS/LED_MATRIX/Design/P2_LED_DRV/hub75_drv/source/hub75_drv.v ;         ;
+----------------------------------+-----------------+------------------------+-----------------------------------------------------------------------+---------+


+---------------------------------------------------------+
; Analysis & Synthesis Resource Usage Summary             ;
+---------------------------------------------+-----------+
; Resource                                    ; Usage     ;
+---------------------------------------------+-----------+
; Estimated Total logic elements              ; 116       ;
;                                             ;           ;
; Total combinational functions               ; 112       ;
; Logic element usage by number of LUT inputs ;           ;
;     -- 4 input functions                    ; 59        ;
;     -- 3 input functions                    ; 31        ;
;     -- <=2 input functions                  ; 22        ;
;                                             ;           ;
; Logic elements by mode                      ;           ;
;     -- normal mode                          ; 101       ;
;     -- arithmetic mode                      ; 11        ;
;                                             ;           ;
; Total registers                             ; 45        ;
;     -- Dedicated logic registers            ; 45        ;
;     -- I/O registers                        ; 0         ;
;                                             ;           ;
; I/O pins                                    ; 66        ;
;                                             ;           ;
; Embedded Multiplier 9-bit elements          ; 0         ;
;                                             ;           ;
; Maximum fan-out node                        ; CLK~input ;
; Maximum fan-out                             ; 46        ;
; Total fan-out                               ; 621       ;
; Average fan-out                             ; 2.15      ;
+---------------------------------------------+-----------+


+------------------------------------------------------------------------------------------------------------------------------------------------------------------------------------------------------------------------------------+
; Analysis & Synthesis Resource Utilization by Entity                                                                                                                                                                                ;
+----------------------------+---------------------+---------------------------+-------------+------------+--------------+---------+-----------+------+--------------+------------+---------------------+-------------+--------------+
; Compilation Hierarchy Node ; Combinational ALUTs ; Dedicated Logic Registers ; Memory Bits ; UFM Blocks ; DSP Elements ; DSP 9x9 ; DSP 18x18 ; Pins ; Virtual Pins ; ADC blocks ; Full Hierarchy Name ; Entity Name ; Library Name ;
+----------------------------+---------------------+---------------------------+-------------+------------+--------------+---------+-----------+------+--------------+------------+---------------------+-------------+--------------+
; |hub75_drv                 ; 112 (112)           ; 45 (45)                   ; 0           ; 0          ; 0            ; 0       ; 0         ; 66   ; 0            ; 0          ; |hub75_drv          ; hub75_drv   ; work         ;
+----------------------------+---------------------+---------------------------+-------------+------------+--------------+---------+-----------+------+--------------+------------+---------------------+-------------+--------------+
Note: For table entries with two numbers listed, the numbers in parentheses indicate the number of resources of the given type used by the specific entity alone. The numbers listed outside of parentheses indicate the total resources of the given type used by the specific entity and all of its sub-entities in the hierarchy.


Encoding Type:  One-Hot
+---------------------------------------------------------------------------------------------------------------------------------------------------------------------------------------------------------------------------------------------------------+
; State Machine - |hub75_drv|fsm_pwm                                                                                                                                                                                                                      ;
+-------------------------------+-------------------------------+------------------------------+--------------------------+-------------------------+-----------------------+--------------------------+---------------------------+----------------------+
; Name                          ; fsm_pwm.FSM_PWM_LAST_ROW_DONE ; fsm_pwm.FSM_PWM_INC_NEXT_ROW ; fsm_pwm.FSM_PWM_NEXT_BIT ; fsm_pwm.FSM_PWM_DUTY_ON ; fsm_pwm.FSM_PWM_LATCH ; fsm_pwm.FSM_PWM_READ_ROW ; fsm_pwm.FSM_PWM_START_ROW ; fsm_pwm.FSM_PWM_IDLE ;
+-------------------------------+-------------------------------+------------------------------+--------------------------+-------------------------+-----------------------+--------------------------+---------------------------+----------------------+
; fsm_pwm.FSM_PWM_IDLE          ; 0                             ; 0                            ; 0                        ; 0                       ; 0                     ; 0                        ; 0                         ; 0                    ;
; fsm_pwm.FSM_PWM_START_ROW     ; 0                             ; 0                            ; 0                        ; 0                       ; 0                     ; 0                        ; 1                         ; 1                    ;
; fsm_pwm.FSM_PWM_READ_ROW      ; 0                             ; 0                            ; 0                        ; 0                       ; 0                     ; 1                        ; 0                         ; 1                    ;
; fsm_pwm.FSM_PWM_LATCH         ; 0                             ; 0                            ; 0                        ; 0                       ; 1                     ; 0                        ; 0                         ; 1                    ;
; fsm_pwm.FSM_PWM_DUTY_ON       ; 0                             ; 0                            ; 0                        ; 1                       ; 0                     ; 0                        ; 0                         ; 1                    ;
; fsm_pwm.FSM_PWM_NEXT_BIT      ; 0                             ; 0                            ; 1                        ; 0                       ; 0                     ; 0                        ; 0                         ; 1                    ;
; fsm_pwm.FSM_PWM_INC_NEXT_ROW  ; 0                             ; 1                            ; 0                        ; 0                       ; 0                     ; 0                        ; 0                         ; 1                    ;
; fsm_pwm.FSM_PWM_LAST_ROW_DONE ; 1                             ; 0                            ; 0                        ; 0                       ; 0                     ; 0                        ; 0                         ; 1                    ;
+-------------------------------+-------------------------------+------------------------------+--------------------------+-------------------------+-----------------------+--------------------------+---------------------------+----------------------+


+--------------------------------------------------------------------------------+
; Registers Removed During Synthesis                                             ;
+---------------------------------------+----------------------------------------+
; Register name                         ; Reason for Removal                     ;
+---------------------------------------+----------------------------------------+
; base_addr[0..3]                       ; Stuck at GND due to stuck port data_in ;
; fsm_pwm~5                             ; Lost fanout                            ;
; fsm_pwm~6                             ; Lost fanout                            ;
; fsm_pwm~7                             ; Lost fanout                            ;
; Total Number of Removed Registers = 7 ;                                        ;
+---------------------------------------+----------------------------------------+


+------------------------------------------------------+
; General Register Statistics                          ;
+----------------------------------------------+-------+
; Statistic                                    ; Value ;
+----------------------------------------------+-------+
; Total registers                              ; 45    ;
; Number of registers using Synchronous Clear  ; 0     ;
; Number of registers using Synchronous Load   ; 5     ;
; Number of registers using Asynchronous Clear ; 8     ;
; Number of registers using Asynchronous Load  ; 0     ;
; Number of registers using Clock Enable       ; 33    ;
; Number of registers using Preset             ; 0     ;
+----------------------------------------------+-------+


+------------------------------------------------------------------------------------------------------------------------------------------+
; Multiplexer Restructuring Statistics (Restructuring Performed)                                                                           ;
+--------------------+-----------+---------------+----------------------+------------------------+------------+----------------------------+
; Multiplexer Inputs ; Bus Width ; Baseline Area ; Area if Restructured ; Saving if Restructured ; Registered ; Example Multiplexer Output ;
+--------------------+-----------+---------------+----------------------+------------------------+------------+----------------------------+
; 4:1                ; 2 bits    ; 4 LEs         ; 4 LEs                ; 0 LEs                  ; No         ; |hub75_drv|Mux0            ;
+--------------------+-----------+---------------+----------------------+------------------------+------------+----------------------------+


+---------------------------------------------------------------------------+
; Parameter Settings for User Entity Instance: Top-level Entity: |hub75_drv ;
+-----------------+-------+-------------------------------------------------+
; Parameter Name  ; Value ; Type                                            ;
+-----------------+-------+-------------------------------------------------+
; PIXEL_DEPTH     ; 3     ; Signed Integer                                  ;
; PANELS_NUM      ; 2     ; Signed Integer                                  ;
; PANEL_WIDTH     ; 8     ; Signed Integer                                  ;
; MULTIPLEX_RATIO ; 4     ; Signed Integer                                  ;
; MEM_DATA_WIDTH  ; 18    ; Signed Integer                                  ;
; MEM_ADDR_WIDTH  ; 4     ; Signed Integer                                  ;
; PWM_QUANTUM     ; 2     ; Signed Integer                                  ;
+-----------------+-------+-------------------------------------------------+
Note: In order to hide this table in the UI and the text report file, please set the "Show Parameter Settings in Synthesis Report" option in "Analysis and Synthesis Settings -> More Settings" to "Off".


+-----------------------------------------------------+
; Post-Synthesis Netlist Statistics for Top Partition ;
+-----------------------+-----------------------------+
; Type                  ; Count                       ;
+-----------------------+-----------------------------+
; boundary_port         ; 66                          ;
; cycloneiii_ff         ; 45                          ;
;     CLR               ; 8                           ;
;     ENA               ; 28                          ;
;     ENA SLD           ; 5                           ;
;     plain             ; 4                           ;
; cycloneiii_lcell_comb ; 120                         ;
;     arith             ; 11                          ;
;         2 data inputs ; 10                          ;
;         3 data inputs ; 1                           ;
;     normal            ; 109                         ;
;         0 data inputs ; 1                           ;
;         1 data inputs ; 10                          ;
;         2 data inputs ; 9                           ;
;         3 data inputs ; 30                          ;
;         4 data inputs ; 59                          ;
;                       ;                             ;
; Max LUT depth         ; 4.00                        ;
; Average LUT depth     ; 2.53                        ;
+-----------------------+-----------------------------+


+-------------------------------+
; Elapsed Time Per Partition    ;
+----------------+--------------+
; Partition Name ; Elapsed Time ;
+----------------+--------------+
; Top            ; 00:00:02     ;
+----------------+--------------+


+-------------------------------+
; Analysis & Synthesis Messages ;
+-------------------------------+
Info: *******************************************************************
Info: Running Quartus Prime Analysis & Synthesis
    Info: Version 17.0.1 Build 598 06/07/2017 SJ Lite Edition
    Info: Processing started: Fri Sep 01 09:16:57 2017
Info: Command: quartus_map --read_settings_files=on --write_settings_files=off hub75_drv -c hub75_drv
Warning (18236): Number of processors has not been specified which may cause overloading on shared machines.  Set the global assignment NUM_PARALLEL_PROCESSORS in your QSF to an appropriate value for best performance.
Info (20029): Only one processor detected - disabling parallel compilation
Info (12021): Found 1 design units, including 1 entities, in source file source/hub75_drv.v
    Info (12023): Found entity 1: hub75_drv File: D:/PROJECTS/LED_MATRIX/Design/P2_LED_DRV/hub75_drv/source/hub75_drv.v Line: 17
Warning (10222): Verilog HDL Parameter Declaration warning at hub75_drv.v(59): Parameter Declaration in module "hub75_drv" behaves as a Local Parameter Declaration because the module has a Module Parameter Port List File: D:/PROJECTS/LED_MATRIX/Design/P2_LED_DRV/hub75_drv/source/hub75_drv.v Line: 59
Warning (10222): Verilog HDL Parameter Declaration warning at hub75_drv.v(85): Parameter Declaration in module "hub75_drv" behaves as a Local Parameter Declaration because the module has a Module Parameter Port List File: D:/PROJECTS/LED_MATRIX/Design/P2_LED_DRV/hub75_drv/source/hub75_drv.v Line: 85
Info (12127): Elaborating entity "hub75_drv" for the top level hierarchy
Warning (10230): Verilog HDL assignment warning at hub75_drv.v(234): truncated value with size 32 to match size of target (4) File: D:/PROJECTS/LED_MATRIX/Design/P2_LED_DRV/hub75_drv/source/hub75_drv.v Line: 234
Warning (13024): Output pins are stuck at VCC or GND
    Warning (13410): Pin "MEM_RD" is stuck at VCC File: D:/PROJECTS/LED_MATRIX/Design/P2_LED_DRV/hub75_drv/source/hub75_drv.v Line: 38
Info (286030): Timing-Driven Synthesis is running
Info (17049): 3 registers lost all their fanouts during netlist optimizations.
Info (144001): Generated suppressed messages file D:/PROJECTS/LED_MATRIX/Design/P2_LED_DRV/hub75_drv/output_files/hub75_drv.map.smsg
Info (16010): Generating hard_block partition "hard_block:auto_generated_inst"
    Info (16011): Adding 0 node(s), including 0 DDIO, 0 PLL, 0 transceiver and 0 LCELL
Warning (21074): Design contains 1 input pin(s) that do not drive logic
    Warning (15610): No output dependent on input pin "CLK_PWM" File: D:/PROJECTS/LED_MATRIX/Design/P2_LED_DRV/hub75_drv/source/hub75_drv.v Line: 33
Info (21057): Implemented 182 device resources after synthesis - the final resource count might be different
    Info (21058): Implemented 21 input pins
    Info (21059): Implemented 45 output pins
    Info (21061): Implemented 116 logic cells
Info: Quartus Prime Analysis & Synthesis was successful. 0 errors, 8 warnings
    Info: Peak virtual memory: 637 megabytes
    Info: Processing ended: Fri Sep 01 09:17:31 2017
    Info: Elapsed time: 00:00:34
    Info: Total CPU time (on all processors): 00:00:41


+------------------------------------------+
; Analysis & Synthesis Suppressed Messages ;
+------------------------------------------+
The suppressed messages can be found in D:/PROJECTS/LED_MATRIX/Design/P2_LED_DRV/hub75_drv/output_files/hub75_drv.map.smsg.


